Exception in thread "main" java.lang.NullPointerException
	at java.sql.rowset/com.sun.rowset.JdbcRowSetImpl.prepare(JdbcRowSetImpl.java:664)
	at java.sql.rowset/com.sun.rowset.JdbcRowSetImpl.execute(JdbcRowSetImpl.java:556)
	at jdbc41RowSetProvider.main(jdbc41RowSetProvider.java:43)
