Character Boundary Test :
ªí
ä÷
¤Q
°\
¦Ë
¼Å
¡ã
Ù¬
¡¯
¢I
¡¦
ÅÃ
¸¯
T
h
i
s
 
i
s
 
t
h
e
 
t
e
s
t
 
c
a
s
e
 
o
f
 
B
r
e
a
k
I
t
e
r
a
t
o
r
 
c
l
a
s
s
.
 
B
r
e
a
k
I
t
e
r
a
t
o
r
.
c
l
a
s
s
 
r
e
a
d
s
 
a
 
t
e
x
t
 
f
i
l
e
 
a
n
d
 
a
n
a
l
y
z
e
s
 
c
o
n
t
e
n
t
s
 
o
f
 
t
h
e
 
t
e
x
t
 
f
i
l
e
.
 
I
t
 
t
r
i
e
s
 
t
o
 
d
e
t
e
c
t
 
b
o
u
n
d
a
r
i
e
s
 
o
f
 
c
h
a
r
a
c
t
e
r
s
,
 
w
o
r
d
s
,
 
s
e
n
t
e
n
c
e
s
.
 
T
h
i
s
 
l
i
n
e
 
h
a
s
 
l
i
n
e
 
f
e
e
d
s
 
¢Ï
¢Ð
¢Ñ
¢°
¢·
¢¸
¢±
¢°
³ü
®Ã
¨h
¶L
³ü
¤@
¤B
¤C
¡þ
¢@
 
a
t
 
t
h
e
 
t
o
p
 
a
n
d
 
t
h
e
 
e
n
d
.
 
T
h
i
s
 
i
s
 
t
h
e
 
e
n
d
 
o
f
 
t
h
i
s
 
t
e
s
t
 
c
a
s
e
.
®è
ªí
ä÷
¤Q
°\
¦Ë
¼Å
¡ã
Ù¬
¡¯
¢I

End of this test.
Word Boundary Test :
ªíä÷¤Q°\¦Ë¼Å
¡ã
Ù¬
¡¯
¢I
¡¦
ÅÃ¸¯
This
 
is
 
the
 
test
 
case
 
of
 
BreakIterator
 
class
.
 
BreakIterator.class
 
reads
 
a
 
text
 
file
 
and
 
analyzes
 
contents
 
of
 
the
 
text
 
file
.
 
It
 
tries
 
to
 
detect
 
boundaries
 
of
 
characters
,
 
words
,
 
sentences
.
 
This
 
line
 
has
 
line
 
feeds
 
¢Ï¢Ð¢Ñ¢°¢·¢¸¢±¢°
³ü®Ã¨h¶L³ü¤@¤B¤C
¡þ
¢@
 
at
 
the
 
top
 
and
 
the
 
end
.
 
This
 
is
 
the
 
end
 
of
 
this
 
test
 
case
.
®èªíä÷¤Q°\¦Ë¼Å
¡ã
Ù¬
¡¯
¢I

End of this test.
Sentence Boundary Test :
ªíä÷¤Q°\¦Ë¼Å¡ãÙ¬¡¯¢I¡¦ÅÃ¸¯This is the test case of BreakIterator class. 
BreakIterator.class reads a text file and analyzes contents of the text file. 
It tries to detect boundaries of characters, words, sentences. 
This line has line feeds ¢Ï¢Ð¢Ñ¢°¢·¢¸¢±¢°³ü®Ã¨h¶L³ü¤@¤B¤C¡þ¢@ at the top and the end. 
This is the end of this test case.®èªíä÷¤Q°\¦Ë¼Å¡ãÙ¬¡¯¢I

End of this test.
Line Boundary Test :
ªí
ä÷
¤Q
°\
¦Ë
¼Å
¡ã
Ù¬
¡¯¢I¡¦
ÅÃ
¸¯
This 
is 
the 
test 
case 
of 
BreakIterator 
class. 
BreakIterator.
class 
reads 
a 
text 
file 
and 
analyzes 
contents 
of 
the 
text 
file. 
It 
tries 
to 
detect 
boundaries 
of 
characters, 
words, 
sentences. 
This 
line 
has 
line 
feeds 
¢Ï¢Ð¢Ñ¢°¢·¢¸¢±¢°
³ü
®Ã
¨h
¶L
³ü
¤@
¤B
¤C
¡þ¢@ 
at 
the 
top 
and 
the 
end. 
This 
is 
the 
end 
of 
this 
test 
case.
®è
ªí
ä÷
¤Q
°\
¦Ë
¼Å
¡ã
Ù¬
¡¯¢I

End of this test.
