Character Boundary Test :
表
噂
十
豹
竹
敷
∼
椄
＊
＠
’
鷗
葛
T
h
i
s
 
i
s
 
t
h
e
 
t
e
s
t
 
c
a
s
e
 
o
f
 
B
r
e
a
k
I
t
e
r
a
t
o
r
 
c
l
a
s
s
.
 
B
r
e
a
k
I
t
e
r
a
t
o
r
.
c
l
a
s
s
 
r
e
a
d
s
 
a
 
t
e
x
t
 
f
i
l
e
 
a
n
d
 
a
n
a
l
y
z
e
s
 
c
o
n
t
e
n
t
s
 
o
f
 
t
h
e
 
t
e
x
t
 
f
i
l
e
.
 
I
t
 
t
r
i
e
s
 
t
o
 
d
e
t
e
c
t
 
b
o
u
n
d
a
r
i
e
s
 
o
f
 
c
h
a
r
a
c
t
e
r
s
,
 
w
o
r
d
s
,
 
s
e
n
t
e
n
c
e
s
.
 
T
h
i
s
 
l
i
n
e
 
h
a
s
 
l
i
n
e
 
f
e
e
d
s
 
Ａ
Ｂ
Ｃ
１
８
９
２
１
壹
捌
玖
貳
壹
一
丁
七
／
＼
 
a
t
 
t
h
e
 
t
o
p
 
a
n
d
 
t
h
e
 
e
n
d
.
 
T
h
i
s
 
i
s
 
t
h
e
 
e
n
d
 
o
f
 
t
h
i
s
 
t
e
s
t
 
c
a
s
e
.
株
表
噂
十
豹
竹
敷
∼
椄
＊
＠

End of this test.
Word Boundary Test :
表噂十豹竹敷
∼
椄
＊
＠
’
鷗葛
This
 
is
 
the
 
test
 
case
 
of
 
BreakIterator
 
class
.
 
BreakIterator.class
 
reads
 
a
 
text
 
file
 
and
 
analyzes
 
contents
 
of
 
the
 
text
 
file
.
 
It
 
tries
 
to
 
detect
 
boundaries
 
of
 
characters
,
 
words
,
 
sentences
.
 
This
 
line
 
has
 
line
 
feeds
 
ＡＢＣ１８９２１
壹捌玖貳壹一丁七
／
＼
 
at
 
the
 
top
 
and
 
the
 
end
.
 
This
 
is
 
the
 
end
 
of
 
this
 
test
 
case
.
株表噂十豹竹敷
∼
椄
＊
＠

End of this test.
Sentence Boundary Test :
表噂十豹竹敷∼椄＊＠’鷗葛This is the test case of BreakIterator class. 
BreakIterator.class reads a text file and analyzes contents of the text file. 
It tries to detect boundaries of characters, words, sentences. 
This line has line feeds ＡＢＣ１８９２１壹捌玖貳壹一丁七／＼ at the top and the end. 
This is the end of this test case.株表噂十豹竹敷∼椄＊＠

End of this test.
Line Boundary Test :
表
噂
十
豹
竹
敷
∼
椄
＊＠’
鷗
葛
This 
is 
the 
test 
case 
of 
BreakIterator 
class. 
BreakIterator.
class 
reads 
a 
text 
file 
and 
analyzes 
contents 
of 
the 
text 
file. 
It 
tries 
to 
detect 
boundaries 
of 
characters, 
words, 
sentences. 
This 
line 
has 
line 
feeds 
ＡＢＣ１８９２１
壹
捌
玖
貳
壹
一
丁
七
／＼ 
at 
the 
top 
and 
the 
end. 
This 
is 
the 
end 
of 
this 
test 
case.
株
表
噂
十
豹
竹
敷
∼
椄
＊＠

End of this test.
