Character Boundary Test :
这
是
 
B
r
e
a
k
I
t
e
r
a
t
o
r
 
c
l
a
s
s
 
测
试
案
例
。
 
B
r
e
a
k
I
t
e
r
a
t
o
r
.
c
l
a
s
s
 
读
取
文
本
文
件
并
且
进
行
内
容
分
析
。
尝
试
分
解
字
符
，
词
，
句
子
的
边
界
。
 
此
行
在
前
后
都
带
有
行
 
f
e
e
d
s
。
这
是
测
试
案
例
的
结
束
。

End of this test.
Word Boundary Test :
这是
 
BreakIterator
 
class
 
测试案例
。
 
BreakIterator.class
 
读取文本文件并且进行内容分析
。
尝试分解字符
，
词
，
句子的边界
。
 
此行在前后都带有行
 
feeds
。
这是测试案例的结束
。

End of this test.
Sentence Boundary Test :
这是 BreakIterator class 测试案例。 
BreakIterator.class 读取文本文件并且进行内容分析。
尝试分解字符，词，句子的边界。 
此行在前后都带有行 feeds。
这是测试案例的结束。

End of this test.
Line Boundary Test :
这
是 
BreakIterator 
class 
测
试
案
例。 
BreakIterator.
class 
读
取
文
本
文
件
并
且
进
行
内
容
分
析。
尝
试
分
解
字
符，
词，
句
子
的
边
界。 
此
行
在
前
后
都
带
有
行 
feeds。
这
是
测
试
案
例
的
结
束。

End of this test.
